---
source: src/tests/mod.rs
expression: ctx.redact_buffer()
---
â–Œ_______ main a-tag add secondfile                                              |
 _______ annotated add firstfile                                                |
 _______ origin/main add initial-file                                           |
                                                                                |
                                                                                |
                                                                                |
                                                                                |
                                                                                |
                                                                                |
                                                                                |
                                                                                |
                                                                                |
                                                                                |
                                                                                |
                                                                                |
                                                                                |
                                                                                |
                                                                                |
                                                                                |
                                                                                |
styles_hash: 7c34283c9cbd748b
