---
source: src/tests/mod.rs
expression: ctx.redact_buffer()
---
 On branch main                                                                 |
                                                                                |
 Unstaged changes (1)                                                           |
 modified   firstfile                                                           |
 @@ -1,3 +1,2 @@                                                                |
▌-testing                                                                       |
  weehooo                                                                       |
  blrergh                                                                       |
                                                                                |
 Staged changes (1)                                                             |
 modified   firstfile                                                           |
 @@ -1,2 +1,3 @@                                                                |
  testing                                                                       |
 -testtest                                                                      |
 +weehooo                                                                       |
 +blrergh                                                                       |
                                                                                |
────────────────────────────────────────────────────────────────────────────────|
$ git apply --cached --reverse --recount                                        |
                                                                                |
styles_hash: c4fba1d39978c6e7
