---
source: src/tests/mod.rs
expression: ctx.redact_buffer()
---
 On branch main                                                                 |
                                                                                |
▌Staged changes (2)                                                             |
▌modified   firstfile…                                                          |
▌modified   secondfile…                                                         |
                                                                                |
 Recent commits                                                                 |
 _______ main add secondfile                                                    |
 _______ add firstfile                                                          |
                                                                                |
                                                                                |
                                                                                |
                                                                                |
                                                                                |
                                                                                |
                                                                                |
                                                                                |
────────────────────────────────────────────────────────────────────────────────|
$ git add -u .                                                                  |
                                                                                |
styles_hash: 578c69ac5f3fad82
