---
source: src/tests/mod.rs
expression: ctx.redact_buffer()
---
 commit ________________________________________                                |
 Author: Author Name <author@email.com>                                         |
 Date:   Fri, 16 Feb 2024 11:11:00 +0100                                        |
                                                                                |
     add firstfile                                                              |
                                                                                |
     Commit body goes here                                                      |
                                                                                |
 added   firstfile                                                              |
▌@@ -0,0 +1 @@                                                                  |
▌+This should be visible                                                        |
                                                                                |
                                                                                |
                                                                                |
                                                                                |
                                                                                |
                                                                                |
                                                                                |
                                                                                |
                                                                                |
styles_hash: 44614a3f74e4311b
