---
source: src/tests/mod.rs
expression: ctx.redact_buffer()
---
 No branch                                                                      |
                                                                                |
▌Staged changes (2)                                                             |
▌added   file-a                                                                 |
▌added   file-b                                                                 |
                                                                                |
 Recent commits                                                                 |
                                                                                |
                                                                                |
                                                                                |
                                                                                |
                                                                                |
                                                                                |
                                                                                |
                                                                                |
                                                                                |
                                                                                |
────────────────────────────────────────────────────────────────────────────────|
$ git add file-a file-b                                                         |
                                                                                |
styles_hash: eb0fe93ebd344926
