---
source: src/tests/mod.rs
expression: ctx.redact_buffer()
---
▌On branch main                                                                 |
▌Your branch is up to date with 'origin/main'.                                  |
                                                                                |
 Staged changes (1)                                                             |
 added   unwanted-file                                                          |
                                                                                |
 Recent commits                                                                 |
 _______ main origin/main add initial-file                                      |
                                                                                |
                                                                                |
                                                                                |
                                                                                |
                                                                                |
                                                                                |
                                                                                |
                                                                                |
                                                                                |
                                                                                |
                                                                                |
                                                                                |
styles_hash: 30afab145e7cf548
