---
source: src/tests/mod.rs
expression: ctx.redact_buffer()
---
 On branch main                                                                 |
                                                                                |
 Unstaged changes (2)                                                           |
 modified   file-one…                                                           |
▌modified   file-two…                                                           |
                                                                                |
 Recent commits                                                                 |
 _______ main add file-two                                                      |
 _______ add file-one                                                           |
                                                                                |
                                                                                |
                                                                                |
                                                                                |
                                                                                |
                                                                                |
                                                                                |
                                                                                |
                                                                                |
                                                                                |
                                                                                |
styles_hash: cd3e23e061eab209
