---
source: src/tests/log.rs
expression: ctx.redact_buffer()
---
â–Œ_______ add this-should-be-at-the-top                                          |
 _______ origin/main add initial-file                                           |
                                                                                |
                                                                                |
                                                                                |
                                                                                |
                                                                                |
                                                                                |
                                                                                |
                                                                                |
                                                                                |
                                                                                |
                                                                                |
                                                                                |
                                                                                |
                                                                                |
                                                                                |
                                                                                |
                                                                                |
                                                                                |
styles_hash: f31bd6c51e6ca60e
