---
source: src/tests/mod.rs
expression: ctx.redact_buffer()
---
▌On branch main                                                                 |
▌Your branch is behind 'origin/main' by 1 commit.                               |
                                                                                |
 Recent commits                                                                 |
 _______ main add initial-file                                                  |
                                                                                |
────────────────────────────────────────────────────────────────────────────────|
$ git fetch --all --jobs 10                                                     |
From                                                                            |
   _______.._______  main       -> origin/main                                  |
styles_hash: 9abd69e9f3959610
