---
source: src/tests/mod.rs
expression: ctx.redact_buffer()
---
 Branches                                                                       |
▌  asd                                                                          |
 * main   origin/main                                                           |
                                                                                |
                                                                                |
                                                                                |
                                                                                |
                                                                                |
────────────────────────────────────────────────────────────────────────────────|
Aborted                                                                         |
styles_hash: 15995b30d609d81f
