---
source: src/tests/mod.rs
expression: ctx.redact_buffer()
---
 Branches                                                                       |
▌* main   origin/main                                                           |
                                                                                |
                                                                                |
                                                                                |
                                                                                |
                                                                                |
────────────────────────────────────────────────────────────────────────────────|
$ git branch -d asd                                                             |
                                                                                |
styles_hash: 1396152e0c770793
