---
source: src/tests/mod.rs
expression: ctx.redact_buffer()
---
▌On branch main                                                                 |
▌Your branch is up to date with 'origin/main'.                                  |
                                                                                |
 Recent commits                                                                 |
 _______ main origin/main add new-file                                          |
 _______ add initial-file                                                       |
────────────────────────────────────────────────────────────────────────────────|
$ git push --force-with-lease                                                   |
To                                                                              |
   _______.._______  main -> main                                               |
styles_hash: fce3e3e5c1acbda7
