---
source: src/tests/rebase.rs
expression: ctx.redact_buffer()
---
▌On branch other-branch                                                         |
                                                                                |
 Recent commits                                                                 |
 _______ main other-branch add new-file                                         |
 _______ origin/main add initial-file                                           |
                                                                                |
                                                                                |
                                                                                |
                                                                                |
                                                                                |
                                                                                |
                                                                                |
                                                                                |
                                                                                |
                                                                                |
                                                                                |
                                                                                |
                                                                                |
────────────────────────────────────────────────────────────────────────────────|
$ git rebase --autostash main                                                   |
styles_hash: af3f42c744ef454b
