---
source: tests/mod.rs
expression: ctx.redact_buffer()
---
Buffer {
    area: Rect { x: 0, y: 0, width: 60, height: 10 },
    content: [
        "ðŸ¢’On branch main                                             ",
        " Your branch is up to date with 'origin/main'.              ",
        "                                                            ",
        " Staged changes (1)                                         ",
        " unwanted-file                                              ",
        "                                                            ",
        " Recent commits                                             ",
        " _______ main origin/main add initial-file                  ",
        "                                                            ",
        "                                                            ",
    ],
    styles: [
        x: 0, y: 0, fg: Reset, bg: Rgb(80, 73, 69), underline: Reset, modifier: NONE,
        x: 1, y: 0, fg: Rgb(216, 166, 87), bg: Rgb(80, 73, 69), underline: Reset, modifier: BOLD,
        x: 15, y: 0, fg: Reset, bg: Rgb(80, 73, 69), underline: Reset, modifier: NONE,
        x: 0, y: 1, fg: Reset, bg: Rgb(42, 40, 39), underline: Reset, modifier: NONE,
        x: 0, y: 2, fg: Reset, bg: Reset, underline: Reset, modifier: NONE,
        x: 1, y: 3, fg: Rgb(216, 166, 87), bg: Reset, underline: Reset, modifier: BOLD,
        x: 19, y: 3, fg: Reset, bg: Reset, underline: Reset, modifier: NONE,
        x: 1, y: 4, fg: Rgb(211, 134, 155), bg: Reset, underline: Reset, modifier: BOLD,
        x: 14, y: 4, fg: Reset, bg: Reset, underline: Reset, modifier: NONE,
        x: 1, y: 6, fg: Rgb(216, 166, 87), bg: Reset, underline: Reset, modifier: BOLD,
        x: 15, y: 6, fg: Reset, bg: Reset, underline: Reset, modifier: NONE,
        x: 1, y: 7, fg: Rgb(216, 166, 87), bg: Reset, underline: Reset, modifier: NONE,
        x: 8, y: 7, fg: Reset, bg: Reset, underline: Reset, modifier: NONE,
        x: 9, y: 7, fg: Rgb(169, 182, 101), bg: Reset, underline: Reset, modifier: NONE,
        x: 13, y: 7, fg: Reset, bg: Reset, underline: Reset, modifier: NONE,
        x: 14, y: 7, fg: Rgb(234, 105, 98), bg: Reset, underline: Reset, modifier: NONE,
        x: 25, y: 7, fg: Reset, bg: Reset, underline: Reset, modifier: NONE,
    ]
}
