---
source: tests/mod.rs
expression: ctx.redact_buffer()
---
Buffer {
    area: Rect { x: 0, y: 0, width: 60, height: 10 },
    content: [
        "ðŸ¢’Branches                                                   ",
        " main origin/main add initial-file                          ",
        "                                                            ",
        "                                                            ",
        "                                                            ",
        "                                                            ",
        "                                                            ",
        "                                                            ",
        "                                                            ",
        "                                                            ",
    ],
    styles: [
        x: 0, y: 0, fg: Reset, bg: Rgb(80, 73, 69), underline: Reset, modifier: NONE,
        x: 1, y: 0, fg: Rgb(216, 166, 87), bg: Rgb(80, 73, 69), underline: Reset, modifier: BOLD,
        x: 9, y: 0, fg: Reset, bg: Rgb(80, 73, 69), underline: Reset, modifier: NONE,
        x: 0, y: 1, fg: Reset, bg: Rgb(42, 40, 39), underline: Reset, modifier: NONE,
        x: 1, y: 1, fg: Rgb(169, 182, 101), bg: Rgb(42, 40, 39), underline: Reset, modifier: BOLD,
        x: 5, y: 1, fg: Reset, bg: Rgb(42, 40, 39), underline: Reset, modifier: NONE,
        x: 6, y: 1, fg: Rgb(234, 105, 98), bg: Rgb(42, 40, 39), underline: Reset, modifier: BOLD,
        x: 17, y: 1, fg: Reset, bg: Rgb(42, 40, 39), underline: Reset, modifier: NONE,
        x: 0, y: 2, fg: Reset, bg: Reset, underline: Reset, modifier: NONE,
    ]
}
