---
source: tests/mod.rs
expression: ctx.redact_buffer()
---
Buffer {
    area: Rect { x: 0, y: 0, width: 60, height: 20 },
    content: [
        "ðŸ¢’On branch main                                             ",
        "â–ŒYour branch is ahead of 'origin/main' by 1 commit.         ",
        "                                                            ",
        " Staged changes (2)                                         ",
        " moved-file                                                 ",
        " @@ -0,0 +1 @@                                              ",
        " +hello                                                     ",
        " new-file                                                   ",
        " @@ -1 +0,0 @@                                              ",
        " -hello                                                     ",
        "                                                            ",
        " Recent commits                                             ",
        " _______ main add new-file                                  ",
        " _______ origin/main add initial-file                       ",
        "                                                            ",
        "                                                            ",
        "                                                            ",
        "                                                            ",
        "                                                            ",
        "                                                            ",
    ],
    styles: [
        x: 0, y: 0, fg: Reset, bg: Reset, underline: Reset, modifier: BOLD,
        x: 1, y: 0, fg: Yellow, bg: Reset, underline: Reset, modifier: BOLD,
        x: 15, y: 0, fg: Reset, bg: Reset, underline: Reset, modifier: BOLD,
        x: 0, y: 1, fg: Blue, bg: Reset, underline: Reset, modifier: DIM,
        x: 1, y: 1, fg: Reset, bg: Reset, underline: Reset, modifier: NONE,
        x: 1, y: 3, fg: Yellow, bg: Reset, underline: Reset, modifier: NONE,
        x: 15, y: 3, fg: Reset, bg: Reset, underline: Reset, modifier: NONE,
        x: 1, y: 4, fg: Magenta, bg: Reset, underline: Reset, modifier: NONE,
        x: 11, y: 4, fg: Reset, bg: Reset, underline: Reset, modifier: NONE,
        x: 1, y: 5, fg: Blue, bg: Reset, underline: Reset, modifier: NONE,
        x: 14, y: 5, fg: Reset, bg: Reset, underline: Reset, modifier: NONE,
        x: 1, y: 6, fg: Green, bg: Reset, underline: Reset, modifier: NONE,
        x: 7, y: 6, fg: Reset, bg: Reset, underline: Reset, modifier: NONE,
        x: 1, y: 7, fg: Magenta, bg: Reset, underline: Reset, modifier: NONE,
        x: 9, y: 7, fg: Reset, bg: Reset, underline: Reset, modifier: NONE,
        x: 1, y: 8, fg: Blue, bg: Reset, underline: Reset, modifier: NONE,
        x: 14, y: 8, fg: Reset, bg: Reset, underline: Reset, modifier: NONE,
        x: 1, y: 9, fg: Red, bg: Reset, underline: Reset, modifier: NONE,
        x: 7, y: 9, fg: Reset, bg: Reset, underline: Reset, modifier: NONE,
        x: 1, y: 11, fg: Yellow, bg: Reset, underline: Reset, modifier: NONE,
        x: 15, y: 11, fg: Reset, bg: Reset, underline: Reset, modifier: NONE,
        x: 1, y: 12, fg: Yellow, bg: Reset, underline: Reset, modifier: NONE,
        x: 8, y: 12, fg: Reset, bg: Reset, underline: Reset, modifier: NONE,
        x: 9, y: 12, fg: Green, bg: Reset, underline: Reset, modifier: NONE,
        x: 13, y: 12, fg: Reset, bg: Reset, underline: Reset, modifier: NONE,
        x: 1, y: 13, fg: Yellow, bg: Reset, underline: Reset, modifier: NONE,
        x: 8, y: 13, fg: Reset, bg: Reset, underline: Reset, modifier: NONE,
        x: 9, y: 13, fg: Red, bg: Reset, underline: Reset, modifier: NONE,
        x: 20, y: 13, fg: Reset, bg: Reset, underline: Reset, modifier: NONE,
    ]
}
