---
source: tests/mod.rs
expression: ctx.redact_buffer()
---
Buffer {
    area: Rect { x: 0, y: 0, width: 60, height: 20 },
    content: [
        "ðŸ¢’No branch                                                  ",
        "                                                            ",
        " Recent commits                                             ",
        "                                                            ",
        "                                                            ",
        "                                                            ",
        "                                                            ",
        "                                                            ",
        "â”€â”€â”€â”€â”€â”€â”€â”€â”€â”€â”€â”€â”€â”€â”€â”€â”€â”€â”€â”€â”€â”€â”€â”€â”€â”€â”€â”€â”€â”€â”€â”€â”€â”€â”€â”€â”€â”€â”€â”€â”€â”€â”€â”€â”€â”€â”€â”€â”€â”€â”€â”€â”€â”€â”€â”€â”€â”€â”€â”€",
        "Help                Submenu                                 ",
        "g Refresh           h Help                                  ",
        "tab ToggleSection   b Branch                                ",
        "k p â†‘ SelectPreviou c Commit                                ",
        "j n â†“ SelectNext    f Fetch                                 ",
        "C-u HalfPageUp      l Log                                   ",
        "C-d HalfPageDown    F Pull                                  ",
        "y ShowRefs          P Push                                  ",
        "                    r Rebase                                ",
        "                    x Reset                                 ",
        "                    K Discard                               ",
    ],
    styles: [
        x: 0, y: 0, fg: Reset, bg: Rgb(80, 73, 69), underline: Reset, modifier: NONE,
        x: 1, y: 0, fg: Rgb(216, 166, 87), bg: Rgb(80, 73, 69), underline: Reset, modifier: BOLD,
        x: 10, y: 0, fg: Reset, bg: Rgb(80, 73, 69), underline: Reset, modifier: NONE,
        x: 0, y: 1, fg: Reset, bg: Reset, underline: Reset, modifier: NONE,
        x: 1, y: 2, fg: Rgb(216, 166, 87), bg: Reset, underline: Reset, modifier: BOLD,
        x: 15, y: 2, fg: Reset, bg: Reset, underline: Reset, modifier: NONE,
        x: 0, y: 8, fg: Rgb(80, 73, 69), bg: Reset, underline: Reset, modifier: NONE,
        x: 0, y: 9, fg: Rgb(125, 174, 163), bg: Reset, underline: Reset, modifier: BOLD,
        x: 19, y: 9, fg: Reset, bg: Reset, underline: Reset, modifier: NONE,
        x: 20, y: 9, fg: Rgb(125, 174, 163), bg: Reset, underline: Reset, modifier: BOLD,
        x: 40, y: 9, fg: Reset, bg: Reset, underline: Reset, modifier: NONE,
        x: 0, y: 10, fg: Rgb(211, 134, 155), bg: Reset, underline: Reset, modifier: NONE,
        x: 1, y: 10, fg: Reset, bg: Reset, underline: Reset, modifier: NONE,
        x: 20, y: 10, fg: Rgb(211, 134, 155), bg: Reset, underline: Reset, modifier: NONE,
        x: 21, y: 10, fg: Reset, bg: Reset, underline: Reset, modifier: NONE,
        x: 0, y: 11, fg: Rgb(211, 134, 155), bg: Reset, underline: Reset, modifier: NONE,
        x: 3, y: 11, fg: Reset, bg: Reset, underline: Reset, modifier: NONE,
        x: 20, y: 11, fg: Rgb(211, 134, 155), bg: Reset, underline: Reset, modifier: NONE,
        x: 21, y: 11, fg: Reset, bg: Reset, underline: Reset, modifier: NONE,
        x: 0, y: 12, fg: Rgb(211, 134, 155), bg: Reset, underline: Reset, modifier: NONE,
        x: 5, y: 12, fg: Reset, bg: Reset, underline: Reset, modifier: NONE,
        x: 20, y: 12, fg: Rgb(211, 134, 155), bg: Reset, underline: Reset, modifier: NONE,
        x: 21, y: 12, fg: Reset, bg: Reset, underline: Reset, modifier: NONE,
        x: 0, y: 13, fg: Rgb(211, 134, 155), bg: Reset, underline: Reset, modifier: NONE,
        x: 5, y: 13, fg: Reset, bg: Reset, underline: Reset, modifier: NONE,
        x: 20, y: 13, fg: Rgb(211, 134, 155), bg: Reset, underline: Reset, modifier: NONE,
        x: 21, y: 13, fg: Reset, bg: Reset, underline: Reset, modifier: NONE,
        x: 0, y: 14, fg: Rgb(211, 134, 155), bg: Reset, underline: Reset, modifier: NONE,
        x: 3, y: 14, fg: Reset, bg: Reset, underline: Reset, modifier: NONE,
        x: 20, y: 14, fg: Rgb(211, 134, 155), bg: Reset, underline: Reset, modifier: NONE,
        x: 21, y: 14, fg: Reset, bg: Reset, underline: Reset, modifier: NONE,
        x: 0, y: 15, fg: Rgb(211, 134, 155), bg: Reset, underline: Reset, modifier: NONE,
        x: 3, y: 15, fg: Reset, bg: Reset, underline: Reset, modifier: NONE,
        x: 20, y: 15, fg: Rgb(211, 134, 155), bg: Reset, underline: Reset, modifier: NONE,
        x: 21, y: 15, fg: Reset, bg: Reset, underline: Reset, modifier: NONE,
        x: 0, y: 16, fg: Rgb(211, 134, 155), bg: Reset, underline: Reset, modifier: NONE,
        x: 1, y: 16, fg: Reset, bg: Reset, underline: Reset, modifier: NONE,
        x: 20, y: 16, fg: Rgb(211, 134, 155), bg: Reset, underline: Reset, modifier: NONE,
        x: 21, y: 16, fg: Reset, bg: Reset, underline: Reset, modifier: NONE,
        x: 20, y: 17, fg: Rgb(211, 134, 155), bg: Reset, underline: Reset, modifier: NONE,
        x: 21, y: 17, fg: Reset, bg: Reset, underline: Reset, modifier: NONE,
        x: 20, y: 18, fg: Rgb(211, 134, 155), bg: Reset, underline: Reset, modifier: NONE,
        x: 21, y: 18, fg: Reset, bg: Reset, underline: Reset, modifier: NONE,
        x: 20, y: 19, fg: Rgb(211, 134, 155), bg: Reset, underline: Reset, modifier: NONE,
        x: 21, y: 19, fg: Reset, bg: Reset, underline: Reset, modifier: NONE,
    ]
}
