---
source: src/main.rs
expression: "redact_hashes(terminal, dir)"
---
Buffer {
    area: Rect { x: 0, y: 0, width: 60, height: 20 },
    content: [
        " No branch                                                  ",
        "                                                            ",
        "ðŸ¢’Untracked files                                            ",
        " new-file                                                   ",
        "                                                            ",
        " Recent commits                                             ",
        "                                                            ",
        "                                                            ",
        "                                                            ",
        "                                                            ",
        "                                                            ",
        "                                                            ",
        "                                                            ",
        "                                                            ",
        "                                                            ",
        "                                                            ",
        "                                                            ",
        "                                                            ",
        "                                                            ",
        "                                                            ",
    ],
    styles: [
        x: 0, y: 0, fg: Reset, bg: Reset, underline: Reset, modifier: NONE,
        x: 0, y: 2, fg: Reset, bg: Rgb(80, 73, 69), underline: Reset, modifier: NONE,
        x: 1, y: 2, fg: Rgb(216, 166, 87), bg: Rgb(80, 73, 69), underline: Reset, modifier: BOLD,
        x: 16, y: 2, fg: Reset, bg: Rgb(80, 73, 69), underline: Reset, modifier: NONE,
        x: 0, y: 3, fg: Reset, bg: Rgb(42, 40, 39), underline: Reset, modifier: NONE,
        x: 1, y: 3, fg: Rgb(234, 105, 98), bg: Rgb(42, 40, 39), underline: Reset, modifier: BOLD,
        x: 9, y: 3, fg: Reset, bg: Rgb(42, 40, 39), underline: Reset, modifier: NONE,
        x: 0, y: 4, fg: Reset, bg: Reset, underline: Reset, modifier: NONE,
        x: 1, y: 5, fg: Rgb(216, 166, 87), bg: Reset, underline: Reset, modifier: BOLD,
        x: 15, y: 5, fg: Reset, bg: Reset, underline: Reset, modifier: NONE,
    ]
}
