---
source: src/lib.rs
expression: "redact_hashes(terminal, &state.repo)"
---
Buffer {
    area: Rect { x: 0, y: 0, width: 60, height: 20 },
    content: [
        "ðŸ¢’Merging other-branch                                       ",
        "                                                            ",
        " Unmerged                                                   ",
        " new-file                                                   ",
        "                                                            ",
        " Unstaged changes (1)                                       ",
        " new-file                                                   ",
        "                                                            ",
        " Staged changes (1)                                         ",
        " new-file                                                   ",
        "                                                            ",
        " Recent commits                                             ",
        " _______ main modify new-file                               ",
        " _______ add new-file                                       ",
        " _______ origin/main add initial-file                       ",
        "                                                            ",
        "                                                            ",
        "                                                            ",
        "                                                            ",
        "                                                            ",
    ],
    styles: [
        x: 0, y: 0, fg: Reset, bg: Rgb(80, 73, 69), underline: Reset, modifier: NONE,
        x: 1, y: 0, fg: Rgb(216, 166, 87), bg: Rgb(80, 73, 69), underline: Reset, modifier: BOLD,
        x: 21, y: 0, fg: Reset, bg: Rgb(80, 73, 69), underline: Reset, modifier: NONE,
        x: 0, y: 1, fg: Reset, bg: Reset, underline: Reset, modifier: NONE,
        x: 1, y: 2, fg: Rgb(216, 166, 87), bg: Reset, underline: Reset, modifier: BOLD,
        x: 9, y: 2, fg: Reset, bg: Reset, underline: Reset, modifier: NONE,
        x: 1, y: 3, fg: Rgb(234, 105, 98), bg: Reset, underline: Reset, modifier: BOLD,
        x: 9, y: 3, fg: Reset, bg: Reset, underline: Reset, modifier: NONE,
        x: 1, y: 5, fg: Rgb(216, 166, 87), bg: Reset, underline: Reset, modifier: BOLD,
        x: 21, y: 5, fg: Reset, bg: Reset, underline: Reset, modifier: NONE,
        x: 1, y: 6, fg: Rgb(211, 134, 155), bg: Reset, underline: Reset, modifier: BOLD,
        x: 9, y: 6, fg: Reset, bg: Reset, underline: Reset, modifier: NONE,
        x: 1, y: 8, fg: Rgb(216, 166, 87), bg: Reset, underline: Reset, modifier: BOLD,
        x: 19, y: 8, fg: Reset, bg: Reset, underline: Reset, modifier: NONE,
        x: 1, y: 9, fg: Rgb(211, 134, 155), bg: Reset, underline: Reset, modifier: BOLD,
        x: 9, y: 9, fg: Reset, bg: Reset, underline: Reset, modifier: NONE,
        x: 1, y: 11, fg: Rgb(216, 166, 87), bg: Reset, underline: Reset, modifier: BOLD,
        x: 15, y: 11, fg: Reset, bg: Reset, underline: Reset, modifier: NONE,
        x: 1, y: 12, fg: Rgb(216, 166, 87), bg: Reset, underline: Reset, modifier: NONE,
        x: 8, y: 12, fg: Reset, bg: Reset, underline: Reset, modifier: NONE,
        x: 9, y: 12, fg: Rgb(169, 182, 101), bg: Reset, underline: Reset, modifier: NONE,
        x: 13, y: 12, fg: Reset, bg: Reset, underline: Reset, modifier: NONE,
        x: 1, y: 13, fg: Rgb(216, 166, 87), bg: Reset, underline: Reset, modifier: NONE,
        x: 8, y: 13, fg: Reset, bg: Reset, underline: Reset, modifier: NONE,
        x: 1, y: 14, fg: Rgb(216, 166, 87), bg: Reset, underline: Reset, modifier: NONE,
        x: 8, y: 14, fg: Reset, bg: Reset, underline: Reset, modifier: NONE,
        x: 9, y: 14, fg: Rgb(234, 105, 98), bg: Reset, underline: Reset, modifier: NONE,
        x: 20, y: 14, fg: Reset, bg: Reset, underline: Reset, modifier: NONE,
    ]
}
