---
source: src/main.rs
expression: terminal.backend().buffer()
---
Buffer {
    area: Rect { x: 0, y: 0, width: 70, height: 5 },
    content: [
        "                                                                      ",
        "                                                                      ",
        "                                                                      ",
        "                                                                      ",
        "                                                                      ",
    ],
    styles: [
        x: 0, y: 0, fg: Reset, bg: Reset, underline: Reset, modifier: NONE,
    ]
}
