---
source: src/lib.rs
expression: "redact_hashes(terminal, dir)"
---
Buffer {
    area: Rect { x: 0, y: 0, width: 60, height: 20 },
    content: [
        "ðŸ¢’On branch master                                           ",
        "                                                            ",
        " Staged changes (2)                                         ",
        " moved-file                                                 ",
        " @@ -0,0 +1 @@                                              ",
        " +hello                                                     ",
        " new-file                                                   ",
        " @@ -1 +0,0 @@                                              ",
        " -hello                                                     ",
        "                                                            ",
        " Recent commits                                             ",
        " _______ (HEAD -> master) add new-file                      ",
        "                                                            ",
        "                                                            ",
        "                                                            ",
        "                                                            ",
        "                                                            ",
        "                                                            ",
        "                                                            ",
        "                                                            ",
    ],
    styles: [
        x: 0, y: 0, fg: Reset, bg: Rgb(80, 73, 69), underline: Reset, modifier: NONE,
        x: 1, y: 0, fg: Rgb(216, 166, 87), bg: Rgb(80, 73, 69), underline: Reset, modifier: BOLD,
        x: 17, y: 0, fg: Reset, bg: Rgb(80, 73, 69), underline: Reset, modifier: NONE,
        x: 0, y: 1, fg: Reset, bg: Reset, underline: Reset, modifier: NONE,
        x: 1, y: 2, fg: Rgb(216, 166, 87), bg: Reset, underline: Reset, modifier: BOLD,
        x: 19, y: 2, fg: Reset, bg: Reset, underline: Reset, modifier: NONE,
        x: 1, y: 3, fg: Rgb(211, 134, 155), bg: Reset, underline: Reset, modifier: BOLD,
        x: 11, y: 3, fg: Reset, bg: Reset, underline: Reset, modifier: NONE,
        x: 1, y: 4, fg: Rgb(125, 174, 163), bg: Reset, underline: Reset, modifier: NONE,
        x: 14, y: 4, fg: Reset, bg: Reset, underline: Reset, modifier: NONE,
        x: 1, y: 5, fg: Rgb(169, 182, 101), bg: Reset, underline: Reset, modifier: NONE,
        x: 7, y: 5, fg: Reset, bg: Reset, underline: Reset, modifier: NONE,
        x: 1, y: 6, fg: Rgb(211, 134, 155), bg: Reset, underline: Reset, modifier: BOLD,
        x: 9, y: 6, fg: Reset, bg: Reset, underline: Reset, modifier: NONE,
        x: 1, y: 7, fg: Rgb(125, 174, 163), bg: Reset, underline: Reset, modifier: NONE,
        x: 14, y: 7, fg: Reset, bg: Reset, underline: Reset, modifier: NONE,
        x: 1, y: 8, fg: Rgb(234, 105, 98), bg: Reset, underline: Reset, modifier: NONE,
        x: 7, y: 8, fg: Reset, bg: Reset, underline: Reset, modifier: NONE,
        x: 1, y: 10, fg: Rgb(216, 166, 87), bg: Reset, underline: Reset, modifier: BOLD,
        x: 15, y: 10, fg: Reset, bg: Reset, underline: Reset, modifier: NONE,
        x: 1, y: 11, fg: Yellow, bg: Reset, underline: Reset, modifier: NONE,
        x: 10, y: 11, fg: Cyan, bg: Reset, underline: Reset, modifier: BOLD,
        x: 14, y: 11, fg: Yellow, bg: Reset, underline: Reset, modifier: NONE,
        x: 18, y: 11, fg: Green, bg: Reset, underline: Reset, modifier: BOLD,
        x: 24, y: 11, fg: Yellow, bg: Reset, underline: Reset, modifier: NONE,
        x: 25, y: 11, fg: Reset, bg: Reset, underline: Reset, modifier: NONE,
    ]
}
