---
source: src/main.rs
expression: "redact_hashes(terminal, dir)"
---
Buffer {
    area: Rect { x: 0, y: 0, width: 60, height: 20 },
    content: [
        " Rebasing other-branch onto master                          ",
        "                                                            ",
        "ðŸ¢’Unmerged                                                   ",
        " new-file                                                   ",
        "                                                            ",
        " Recent commits                                             ",
        " _______ (HEAD, master) modify new-file                     ",
        " _______ add new-file                                       ",
        "                                                            ",
        "                                                            ",
        "                                                            ",
        "                                                            ",
        "                                                            ",
        "                                                            ",
        "                                                            ",
        "                                                            ",
        "                                                            ",
        "                                                            ",
        "                                                            ",
        "                                                            ",
    ],
    styles: [
        x: 0, y: 0, fg: Reset, bg: Reset, underline: Reset, modifier: NONE,
        x: 1, y: 0, fg: Rgb(216, 166, 87), bg: Reset, underline: Reset, modifier: BOLD,
        x: 34, y: 0, fg: Reset, bg: Reset, underline: Reset, modifier: NONE,
        x: 0, y: 2, fg: Reset, bg: Rgb(80, 73, 69), underline: Reset, modifier: NONE,
        x: 1, y: 2, fg: Rgb(216, 166, 87), bg: Rgb(80, 73, 69), underline: Reset, modifier: BOLD,
        x: 9, y: 2, fg: Reset, bg: Rgb(80, 73, 69), underline: Reset, modifier: NONE,
        x: 0, y: 3, fg: Reset, bg: Rgb(42, 40, 39), underline: Reset, modifier: NONE,
        x: 1, y: 3, fg: Rgb(234, 105, 98), bg: Rgb(42, 40, 39), underline: Reset, modifier: BOLD,
        x: 9, y: 3, fg: Reset, bg: Rgb(42, 40, 39), underline: Reset, modifier: NONE,
        x: 0, y: 4, fg: Reset, bg: Reset, underline: Reset, modifier: NONE,
        x: 1, y: 5, fg: Rgb(216, 166, 87), bg: Reset, underline: Reset, modifier: BOLD,
        x: 15, y: 5, fg: Reset, bg: Reset, underline: Reset, modifier: NONE,
        x: 1, y: 6, fg: Yellow, bg: Reset, underline: Reset, modifier: NONE,
        x: 10, y: 6, fg: Cyan, bg: Reset, underline: Reset, modifier: BOLD,
        x: 14, y: 6, fg: Yellow, bg: Reset, underline: Reset, modifier: NONE,
        x: 16, y: 6, fg: Green, bg: Reset, underline: Reset, modifier: BOLD,
        x: 22, y: 6, fg: Yellow, bg: Reset, underline: Reset, modifier: NONE,
        x: 23, y: 6, fg: Reset, bg: Reset, underline: Reset, modifier: NONE,
        x: 1, y: 7, fg: Yellow, bg: Reset, underline: Reset, modifier: NONE,
        x: 8, y: 7, fg: Reset, bg: Reset, underline: Reset, modifier: NONE,
    ]
}
