---
source: src/main.rs
expression: terminal.backend().buffer()
---
Buffer {
    area: Rect { x: 0, y: 0, width: 80, height: 30 },
    content: [
        " On branch master                                                               ",
        "                                                                                ",
        " No commits yet                                                                 ",
        "                                                                                ",
        " Changes to be committed:                                                       ",
        "   (use "git rm --cached <file>..." to unstage)                                 ",
        " new file:   new-file                                                           ",
        "                                                                                ",
        "                                                                                ",
        " Staged changes (1)                                                             ",
        "ðŸ¢’new-file                                                                       ",
        "                                                                                ",
        " Recent commits                                                                 ",
        "                                                                                ",
        "                                                                                ",
        "                                                                                ",
        "                                                                                ",
        "                                                                                ",
        "                                                                                ",
        "                                                                                ",
        "                                                                                ",
        "                                                                                ",
        "                                                                                ",
        "                                                                                ",
        "                                                                                ",
        "                                                                                ",
        "                                                                                ",
        "                                                                                ",
        "                                                                                ",
        "                                                                                ",
    ],
    styles: [
        x: 0, y: 0, fg: Reset, bg: Reset, underline: Reset, modifier: NONE,
        x: 1, y: 6, fg: Green, bg: Reset, underline: Reset, modifier: NONE,
        x: 21, y: 6, fg: Reset, bg: Reset, underline: Reset, modifier: NONE,
        x: 1, y: 9, fg: Rgb(216, 166, 87), bg: Reset, underline: Reset, modifier: BOLD,
        x: 19, y: 9, fg: Reset, bg: Reset, underline: Reset, modifier: NONE,
        x: 0, y: 10, fg: Reset, bg: Rgb(80, 73, 69), underline: Reset, modifier: NONE,
        x: 1, y: 10, fg: Rgb(211, 134, 155), bg: Rgb(80, 73, 69), underline: Reset, modifier: BOLD,
        x: 9, y: 10, fg: Reset, bg: Rgb(80, 73, 69), underline: Reset, modifier: NONE,
        x: 0, y: 11, fg: Reset, bg: Reset, underline: Reset, modifier: NONE,
        x: 1, y: 12, fg: Rgb(216, 166, 87), bg: Reset, underline: Reset, modifier: BOLD,
        x: 15, y: 12, fg: Reset, bg: Reset, underline: Reset, modifier: NONE,
    ]
}
